loaded calm        300000 samples
loaded mild_5hz    300000 samples
loaded tremor_5hz  300000 samples

--- correctness: one session of each input ---
input        windows  mean index  max index    dominant   NORMAL   PRE_AL    ALERT
calm            1156      0.0231     0.0299   131.59 Hz     1156        0        0
mild_5hz        1156      0.2336     0.2574     4.88 Hz        0     1156        0
tremor_5hz      1156      0.9760     0.9772     4.88 Hz        0        2     1154

--- granularity ---
  one window      595.7 us
  one session     0.689 s   (1156 windows)
  ratio            1157 windows per task

256 independent session-analysis jobs, 7 runs each

sequential
   runs: 176.836 176.853 176.819 176.804 176.837 176.807 176.852
pipeline, one Compute
   runs: 176.875 176.869 176.847 176.704 176.699 176.750 176.800
farm(1)
   runs: 176.877 176.815 176.795 176.879 176.877 176.912 176.828
farm(2)
   runs:  88.494  88.441  88.393  88.394  88.400  88.377  88.384
farm(4)
   runs:  44.211  44.222  44.214  44.190  44.158  44.130  44.134
farm(8)
   runs:  22.073  22.075  22.087  22.074  22.080  22.070  22.081
farm(16)
   runs:  11.058  11.084  11.077  11.075  11.082  11.079  11.081
farm(32)
   runs:   5.538   5.536   5.526   5.555   5.605   5.639   5.557
farm(64)
   runs:   2.774   2.779   2.847   2.784   2.779   2.784   2.842
farm(128)
   runs:   1.406   1.445   1.406   1.441   1.404   1.447   1.408
farm(256)
   runs:   1.361   1.367   1.369   1.369   1.367   1.365   1.368
openmp(1)
   runs: 176.757 176.681 176.647 176.651 176.662 176.651 176.657
openmp(2)
   runs:  88.313  88.288  88.268  88.282  88.291  88.273  88.297
openmp(4)
   runs:  44.196  44.283  44.290  44.294  44.303  44.313  44.318
openmp(8)
   runs:  22.119  22.116  22.153  22.130  22.102  22.109  22.138
openmp(16)
   runs:  11.062  11.057  11.054  11.051  11.056  11.048  11.061
openmp(32)
   runs:   5.537   5.536   5.534   5.536   5.536   5.530   5.540
openmp(64)
   runs:   2.774   2.771   2.774   2.773   2.772   2.774   2.776
openmp(128)
   runs:   1.404   1.390   1.391   1.391   1.389   1.390   1.392
openmp(256)
   runs:   1.278   1.047   1.077   0.996   0.867   0.805   0.721

configuration            time(s)      min      max   speedup   sessions/s
sequential               176.830  176.807  176.852      1.00         1.45
pipeline                 176.794  176.704  176.869      1.00         1.45
farm(1)                  176.855  176.815  176.879      1.00         1.45
farm(2)                   88.402   88.384   88.441      2.00         2.90
farm(4)                   44.182   44.134   44.214      4.00         5.79
farm(8)                   22.076   22.073   22.081      8.01        11.60
farm(16)                  11.079   11.075   11.082     15.96        23.11
farm(32)                   5.558    5.536    5.605     31.81        46.06
farm(64)                   2.794    2.779    2.842     63.29        91.63
farm(128)                  1.421    1.406    1.445    124.44       180.16
farm(256)                  1.367    1.365    1.369    129.35       187.26
openmp(1)                176.661  176.651  176.681      1.00         1.45
openmp(2)                 88.286   88.273   88.297      2.00         2.90
openmp(4)                 44.297   44.283   44.313      3.99         5.78
openmp(8)                 22.122   22.109   22.138      7.99        11.57
openmp(16)                11.056   11.051   11.061     15.99        23.16
openmp(32)                 5.536    5.534    5.537     31.94        46.25
openmp(64)                 2.773    2.772    2.774     63.76        92.30
openmp(128)                1.391    1.390    1.392    127.14       184.06
openmp(256)                0.959    0.805    1.077    184.48       267.08

saved: results/benchmark.csv

results identical across all configurations: yes
